------------------------------------------------------------
Timing Analyzer Summary
------------------------------------------------------------

Type  : Slow 1200mV 85C Model Setup 'val_in'
Slack : -3.153
TNS   : -69.087

Type  : Slow 1200mV 85C Model Setup 'counter[15]'
Slack : -2.851
TNS   : -138.432

Type  : Slow 1200mV 85C Model Setup 'counter[18]'
Slack : -1.686
TNS   : -26.375

Type  : Slow 1200mV 85C Model Setup 'clock_50m'
Slack : -1.378
TNS   : -14.996

Type  : Slow 1200mV 85C Model Hold 'counter[15]'
Slack : 0.343
TNS   : 0.000

Type  : Slow 1200mV 85C Model Hold 'clock_50m'
Slack : 0.360
TNS   : 0.000

Type  : Slow 1200mV 85C Model Hold 'val_in'
Slack : 0.877
TNS   : 0.000

Type  : Slow 1200mV 85C Model Hold 'counter[18]'
Slack : 1.379
TNS   : 0.000

Type  : Slow 1200mV 85C Model Minimum Pulse Width 'clock_50m'
Slack : -3.000
TNS   : -22.000

Type  : Slow 1200mV 85C Model Minimum Pulse Width 'counter[15]'
Slack : -1.000
TNS   : -54.000

Type  : Slow 1200mV 85C Model Minimum Pulse Width 'counter[18]'
Slack : -1.000
TNS   : -33.000

Type  : Slow 1200mV 85C Model Minimum Pulse Width 'val_in'
Slack : -1.000
TNS   : -24.000

Type  : Slow 1200mV 0C Model Setup 'val_in'
Slack : -2.749
TNS   : -60.136

Type  : Slow 1200mV 0C Model Setup 'counter[15]'
Slack : -2.496
TNS   : -120.223

Type  : Slow 1200mV 0C Model Setup 'counter[18]'
Slack : -1.448
TNS   : -22.527

Type  : Slow 1200mV 0C Model Setup 'clock_50m'
Slack : -1.115
TNS   : -11.252

Type  : Slow 1200mV 0C Model Hold 'counter[15]'
Slack : 0.299
TNS   : 0.000

Type  : Slow 1200mV 0C Model Hold 'clock_50m'
Slack : 0.319
TNS   : 0.000

Type  : Slow 1200mV 0C Model Hold 'val_in'
Slack : 0.793
TNS   : 0.000

Type  : Slow 1200mV 0C Model Hold 'counter[18]'
Slack : 1.240
TNS   : 0.000

Type  : Slow 1200mV 0C Model Minimum Pulse Width 'clock_50m'
Slack : -3.000
TNS   : -22.000

Type  : Slow 1200mV 0C Model Minimum Pulse Width 'counter[15]'
Slack : -1.000
TNS   : -54.000

Type  : Slow 1200mV 0C Model Minimum Pulse Width 'counter[18]'
Slack : -1.000
TNS   : -33.000

Type  : Slow 1200mV 0C Model Minimum Pulse Width 'val_in'
Slack : -1.000
TNS   : -24.000

Type  : Fast 1200mV 0C Model Setup 'val_in'
Slack : -1.285
TNS   : -27.350

Type  : Fast 1200mV 0C Model Setup 'counter[15]'
Slack : -1.146
TNS   : -54.215

Type  : Fast 1200mV 0C Model Setup 'clock_50m'
Slack : -0.741
TNS   : -3.036

Type  : Fast 1200mV 0C Model Setup 'counter[18]'
Slack : -0.451
TNS   : -6.430

Type  : Fast 1200mV 0C Model Hold 'counter[15]'
Slack : 0.179
TNS   : 0.000

Type  : Fast 1200mV 0C Model Hold 'clock_50m'
Slack : 0.193
TNS   : 0.000

Type  : Fast 1200mV 0C Model Hold 'val_in'
Slack : 0.444
TNS   : 0.000

Type  : Fast 1200mV 0C Model Hold 'counter[18]'
Slack : 0.728
TNS   : 0.000

Type  : Fast 1200mV 0C Model Minimum Pulse Width 'clock_50m'
Slack : -3.000
TNS   : -23.098

Type  : Fast 1200mV 0C Model Minimum Pulse Width 'counter[15]'
Slack : -1.000
TNS   : -54.000

Type  : Fast 1200mV 0C Model Minimum Pulse Width 'counter[18]'
Slack : -1.000
TNS   : -33.000

Type  : Fast 1200mV 0C Model Minimum Pulse Width 'val_in'
Slack : -1.000
TNS   : -24.000

------------------------------------------------------------
